

================================================================
== Vitis HLS Report for 'fir'
================================================================
* Date:           Thu Oct  8 21:45:13 2026

* Version:        2024.2 (Build 5238294 on Nov  8 2024)
* Project:        fir_loop_partition.comp
* Solution:       hls (Vivado IP Flow Target)
* Product family: zynq
* Target device:  xc7z020-clg400-1


================================================================
== Performance Estimates
================================================================
+ Timing: 
    * Summary: 
    +--------+----------+----------+------------+
    |  Clock |  Target  | Estimated| Uncertainty|
    +--------+----------+----------+------------+
    |ap_clk  |  10.00 ns|  7.206 ns|     2.70 ns|
    +--------+----------+----------+------------+

+ Latency: 
    * Summary: 
    +---------+---------+----------+----------+-----+-----+---------+
    |  Latency (cycles) |  Latency (absolute) |  Interval | Pipeline|
    |   min   |   max   |    min   |    max   | min | max |   Type  |
    +---------+---------+----------+----------+-----+-----+---------+
    |      142|      142|  1.420 us|  1.420 us|  143|  143|       no|
    +---------+---------+----------+----------+-----+-----+---------+

    + Detail: 
        * Instance: 
        +-----------------------------------+-------------------------+---------+---------+----------+----------+-----+-----+------------------------------------------------+
        |                                   |                         |  Latency (cycles) |  Latency (absolute) |  Interval |                    Pipeline                    |
        |              Instance             |          Module         |   min   |   max   |    min   |    max   | min | max |                      Type                      |
        +-----------------------------------+-------------------------+---------+---------+----------+----------+-----+-----+------------------------------------------------+
        |grp_fir_Pipeline_Upper_Half_fu_55  |fir_Pipeline_Upper_Half  |       69|       69|  0.690 us|  0.690 us|   65|   65|  loop auto-rewind stp (delay=0 clock cycles(s))|
        |grp_fir_Pipeline_Lower_Half_fu_64  |fir_Pipeline_Lower_Half  |       69|       69|  0.690 us|  0.690 us|   65|   65|  loop auto-rewind stp (delay=0 clock cycles(s))|
        +-----------------------------------+-------------------------+---------+---------+----------+----------+-----+-----+------------------------------------------------+

        * Loop: 
        N/A



================================================================
== Utilization Estimates
================================================================
* Summary: 
+-----------------+---------+-----+--------+-------+-----+
|       Name      | BRAM_18K| DSP |   FF   |  LUT  | URAM|
+-----------------+---------+-----+--------+-------+-----+
|DSP              |        -|    -|       -|      -|    -|
|Expression       |        -|    -|       0|     39|    -|
|FIFO             |        -|    -|       -|      -|    -|
|Instance         |        -|    2|     598|    360|    -|
|Memory           |        2|    -|       0|      0|    0|
|Multiplexer      |        -|    -|       0|    185|    -|
|Register         |        -|    -|      39|      -|    -|
+-----------------+---------+-----+--------+-------+-----+
|Total            |        2|    2|     637|    584|    0|
+-----------------+---------+-----+--------+-------+-----+
|Available        |      280|  220|  106400|  53200|    0|
+-----------------+---------+-----+--------+-------+-----+
|Utilization (%)  |       ~0|   ~0|      ~0|      1|    0|
+-----------------+---------+-----+--------+-------+-----+

+ Detail: 
    * Instance: 
    +-----------------------------------+-------------------------+---------+----+-----+-----+-----+
    |              Instance             |          Module         | BRAM_18K| DSP|  FF | LUT | URAM|
    +-----------------------------------+-------------------------+---------+----+-----+-----+-----+
    |grp_fir_Pipeline_Lower_Half_fu_64  |fir_Pipeline_Lower_Half  |        0|   0|  217|  178|    0|
    |grp_fir_Pipeline_Upper_Half_fu_55  |fir_Pipeline_Upper_Half  |        0|   0|  216|  132|    0|
    |mul_6s_32s_32_2_1_U10              |mul_6s_32s_32_2_1        |        0|   2|  165|   50|    0|
    +-----------------------------------+-------------------------+---------+----+-----+-----+-----+
    |Total                              |                         |        0|   2|  598|  360|    0|
    +-----------------------------------+-------------------------+---------+----+-----+-----+-----+

    * DSP: 
    N/A

    * Memory: 
    +-----------------+---------------------------+---------+---+----+-----+------+-----+------+-------------+
    |      Memory     |           Module          | BRAM_18K| FF| LUT| URAM| Words| Bits| Banks| W*Bits*Banks|
    +-----------------+---------------------------+---------+---+----+-----+------+-----+------+-------------+
    |fir_int_int_c_U  |fir_int_int_c_ROM_AUTO_1R  |        1|  0|   0|    0|   128|   32|     1|         4096|
    |shift_reg_U      |shift_reg_RAM_AUTO_1R1W    |        1|  0|   0|    0|   128|   32|     1|         4096|
    +-----------------+---------------------------+---------+---+----+-----+------+-----+------+-------------+
    |Total            |                           |        2|  0|   0|    0|   256|   64|     2|         8192|
    +-----------------+---------------------------+---------+---+----+-----+------+-----+------+-------------+

    * FIFO: 
    N/A

    * Expression: 
    +--------------+----------+----+---+----+------------+------------+
    | Variable Name| Operation| DSP| FF| LUT| Bitwidth P0| Bitwidth P1|
    +--------------+----------+----+---+----+------------+------------+
    |y             |         +|   0|  0|  39|          32|          32|
    +--------------+----------+----+---+----+------------+------------+
    |Total         |          |   0|  0|  39|          32|          32|
    +--------------+----------+----+---+----+------------+------------+

    * Multiplexer: 
    +------------------------+----+-----------+-----+-----------+
    |          Name          | LUT| Input Size| Bits| Total Bits|
    +------------------------+----+-----------+-----+-----------+
    |ap_NS_fsm               |  31|          6|    1|          6|
    |fir_int_int_c_address0  |  14|          3|    7|         21|
    |fir_int_int_c_ce0       |  14|          3|    1|          3|
    |grp_fu_105_ce           |  14|          3|    1|          3|
    |grp_fu_105_p0           |  14|          3|    6|         18|
    |grp_fu_105_p1           |  14|          3|   32|         96|
    |shift_reg_address0      |  14|          3|    7|         21|
    |shift_reg_address1      |  14|          3|    7|         21|
    |shift_reg_ce0           |  14|          3|    1|          3|
    |shift_reg_ce1           |  14|          3|    1|          3|
    |shift_reg_d0            |  14|          3|   32|         96|
    |shift_reg_we0           |  14|          3|    1|          3|
    +------------------------+----+-----------+-----+-----------+
    |Total                   | 185|         39|   97|        294|
    +------------------------+----+-----------+-----+-----------+

    * Register: 
    +------------------------------------------------+----+----+-----+-----------+
    |                      Name                      | FF | LUT| Bits| Const Bits|
    +------------------------------------------------+----+----+-----+-----------+
    |ap_CS_fsm                                       |   5|   0|    5|          0|
    |grp_fir_Pipeline_Lower_Half_fu_64_ap_start_reg  |   1|   0|    1|          0|
    |grp_fir_Pipeline_Upper_Half_fu_55_ap_start_reg  |   1|   0|    1|          0|
    |x_read_reg_100                                  |  32|   0|   32|          0|
    +------------------------------------------------+----+----+-----+-----------+
    |Total                                           |  39|   0|   39|          0|
    +------------------------------------------------+----+----+-----+-----------+



================================================================
== Interface
================================================================
* Summary: 
+----------+-----+-----+------------+--------------+--------------+
| RTL Ports| Dir | Bits|  Protocol  | Source Object|    C Type    |
+----------+-----+-----+------------+--------------+--------------+
|ap_clk    |   in|    1|  ap_ctrl_hs|           fir|  return value|
|ap_rst    |   in|    1|  ap_ctrl_hs|           fir|  return value|
|ap_start  |   in|    1|  ap_ctrl_hs|           fir|  return value|
|ap_done   |  out|    1|  ap_ctrl_hs|           fir|  return value|
|ap_idle   |  out|    1|  ap_ctrl_hs|           fir|  return value|
|ap_ready  |  out|    1|  ap_ctrl_hs|           fir|  return value|
|y         |  out|   32|      ap_vld|             y|       pointer|
|y_ap_vld  |  out|    1|      ap_vld|             y|       pointer|
|x         |   in|   32|     ap_none|             x|        scalar|
+----------+-----+-----+------------+--------------+--------------+

