

================================================================
== Vitis HLS Report for 'fir'
================================================================
* Date:           Thu Oct  8 21:57:30 2026

* Version:        2024.2 (Build 5238294 on Nov  8 2024)
* Project:        fir_loop_partition_unroll.comp
* Solution:       hls (Vivado IP Flow Target)
* Product family: zynq
* Target device:  xc7z020-clg400-1


================================================================
== Performance Estimates
================================================================
+ Timing: 
    * Summary: 
    +--------+----------+----------+------------+
    |  Clock |  Target  | Estimated| Uncertainty|
    +--------+----------+----------+------------+
    |ap_clk  |  10.00 ns|  6.978 ns|     2.70 ns|
    +--------+----------+----------+------------+

+ Latency: 
    * Summary: 
    +---------+---------+----------+----------+-----+-----+---------+
    |  Latency (cycles) |  Latency (absolute) |  Interval | Pipeline|
    |   min   |   max   |    min   |    max   | min | max |   Type  |
    +---------+---------+----------+----------+-----+-----+---------+
    |      100|      100|  1.000 us|  1.000 us|  101|  101|       no|
    +---------+---------+----------+----------+-----+-----+---------+

    + Detail: 
        * Instance: 
        +-----------------------------------+-------------------------+---------+---------+----------+----------+-----+-----+------------------------------------------------+
        |                                   |                         |  Latency (cycles) |  Latency (absolute) |  Interval |                    Pipeline                    |
        |              Instance             |          Module         |   min   |   max   |    min   |    max   | min | max |                      Type                      |
        +-----------------------------------+-------------------------+---------+---------+----------+----------+-----+-----+------------------------------------------------+
        |grp_fir_Pipeline_Upper_Half_fu_59  |fir_Pipeline_Upper_Half  |       48|       48|  0.480 us|  0.480 us|   33|   33|  loop auto-rewind stp (delay=0 clock cycles(s))|
        |grp_fir_Pipeline_Lower_Half_fu_72  |fir_Pipeline_Lower_Half  |       48|       48|  0.480 us|  0.480 us|   33|   33|  loop auto-rewind stp (delay=0 clock cycles(s))|
        +-----------------------------------+-------------------------+---------+---------+----------+----------+-----+-----+------------------------------------------------+

        * Loop: 
        N/A



================================================================
== Utilization Estimates
================================================================
* Summary: 
+-----------------+---------+-----+--------+-------+-----+
|       Name      | BRAM_18K| DSP |   FF   |  LUT  | URAM|
+-----------------+---------+-----+--------+-------+-----+
|DSP              |        -|    -|       -|      -|    -|
|Expression       |        -|    -|       0|     39|    -|
|FIFO             |        -|    -|       -|      -|    -|
|Instance         |        -|   20|    2534|   1759|    -|
|Memory           |        4|    -|       0|      0|    0|
|Multiplexer      |        -|    -|       0|    423|    -|
|Register         |        -|    -|      39|      -|    -|
+-----------------+---------+-----+--------+-------+-----+
|Total            |        4|   20|    2573|   2221|    0|
+-----------------+---------+-----+--------+-------+-----+
|Available        |      280|  220|  106400|  53200|    0|
+-----------------+---------+-----+--------+-------+-----+
|Utilization (%)  |        1|    9|       2|      4|    0|
+-----------------+---------+-----+--------+-------+-----+

+ Detail: 
    * Instance: 
    +-----------------------------------+-------------------------+---------+----+------+-----+-----+
    |              Instance             |          Module         | BRAM_18K| DSP|  FF  | LUT | URAM|
    +-----------------------------------+-------------------------+---------+----+------+-----+-----+
    |grp_fir_Pipeline_Lower_Half_fu_72  |fir_Pipeline_Lower_Half  |        0|  16|  1440|  993|    0|
    |grp_fir_Pipeline_Upper_Half_fu_59  |fir_Pipeline_Upper_Half  |        0|   0|   764|  666|    0|
    |mul_6s_32s_32_2_1_U34              |mul_6s_32s_32_2_1        |        0|   2|   165|   50|    0|
    |mul_6s_32s_32_2_1_U35              |mul_6s_32s_32_2_1        |        0|   2|   165|   50|    0|
    +-----------------------------------+-------------------------+---------+----+------+-----+-----+
    |Total                              |                         |        0|  20|  2534| 1759|    0|
    +-----------------------------------+-------------------------+---------+----+------+-----+-----+

    * DSP: 
    N/A

    * Memory: 
    +---------------------------+---------------------------------------+---------+---+----+-----+------+-----+------+-------------+
    |           Memory          |                 Module                | BRAM_18K| FF| LUT| URAM| Words| Bits| Banks| W*Bits*Banks|
    +---------------------------+---------------------------------------+---------+---+----+-----+------+-----+------+-------------+
    |fir_int_int_c_U            |fir_int_int_c_ROM_AUTO_1R              |        1|  0|   0|    0|   128|   32|     1|         4096|
    |fir_int_int_shift_reg_1_U  |fir_int_int_shift_reg_1_RAM_AUTO_1R1W  |        1|  0|   0|    0|    43|   32|     1|         1376|
    |fir_int_int_shift_reg_U    |fir_int_int_shift_reg_1_RAM_AUTO_1R1W  |        1|  0|   0|    0|    43|   32|     1|         1376|
    |fir_int_int_shift_reg_2_U  |fir_int_int_shift_reg_1_RAM_AUTO_1R1W  |        1|  0|   0|    0|    43|   32|     1|         1376|
    +---------------------------+---------------------------------------+---------+---+----+-----+------+-----+------+-------------+
    |Total                      |                                       |        4|  0|   0|    0|   257|  128|     4|         8224|
    +---------------------------+---------------------------------------+---------+---+----+-----+------+-----+------+-------------+

    * FIFO: 
    N/A

    * Expression: 
    +--------------+----------+----+---+----+------------+------------+
    | Variable Name| Operation| DSP| FF| LUT| Bitwidth P0| Bitwidth P1|
    +--------------+----------+----+---+----+------------+------------+
    |y             |         +|   0|  0|  39|          32|          32|
    +--------------+----------+----+---+----+------------+------------+
    |Total         |          |   0|  0|  39|          32|          32|
    +--------------+----------+----+---+----+------------+------------+

    * Multiplexer: 
    +----------------------------------+----+-----------+-----+-----------+
    |               Name               | LUT| Input Size| Bits| Total Bits|
    +----------------------------------+----+-----------+-----+-----------+
    |ap_NS_fsm                         |  31|          6|    1|          6|
    |fir_int_int_c_address0            |  14|          3|    7|         21|
    |fir_int_int_c_address1            |  14|          3|    7|         21|
    |fir_int_int_c_ce0                 |  14|          3|    1|          3|
    |fir_int_int_c_ce1                 |  14|          3|    1|          3|
    |fir_int_int_shift_reg_1_address0  |  14|          3|    6|         18|
    |fir_int_int_shift_reg_1_address1  |  14|          3|    6|         18|
    |fir_int_int_shift_reg_1_ce0       |  14|          3|    1|          3|
    |fir_int_int_shift_reg_1_ce1       |  14|          3|    1|          3|
    |fir_int_int_shift_reg_1_d0        |  14|          3|   32|         96|
    |fir_int_int_shift_reg_1_we0       |  14|          3|    1|          3|
    |fir_int_int_shift_reg_2_address0  |  14|          3|    6|         18|
    |fir_int_int_shift_reg_2_address1  |  14|          3|    6|         18|
    |fir_int_int_shift_reg_2_ce0       |  14|          3|    1|          3|
    |fir_int_int_shift_reg_2_ce1       |  14|          3|    1|          3|
    |fir_int_int_shift_reg_2_d0        |  14|          3|   32|         96|
    |fir_int_int_shift_reg_2_we0       |  14|          3|    1|          3|
    |fir_int_int_shift_reg_address0    |  14|          3|    6|         18|
    |fir_int_int_shift_reg_address1    |  14|          3|    6|         18|
    |fir_int_int_shift_reg_ce0         |  14|          3|    1|          3|
    |fir_int_int_shift_reg_ce1         |  14|          3|    1|          3|
    |fir_int_int_shift_reg_d0          |  14|          3|   32|         96|
    |fir_int_int_shift_reg_we0         |  14|          3|    1|          3|
    |grp_fu_117_ce                     |  14|          3|    1|          3|
    |grp_fu_117_p0                     |  14|          3|    6|         18|
    |grp_fu_117_p1                     |  14|          3|   32|         96|
    |grp_fu_121_ce                     |  14|          3|    1|          3|
    |grp_fu_121_p0                     |  14|          3|    6|         18|
    |grp_fu_121_p1                     |  14|          3|   32|         96|
    +----------------------------------+----+-----------+-----+-----------+
    |Total                             | 423|         90|  236|        711|
    +----------------------------------+----+-----------+-----+-----------+

    * Register: 
    +------------------------------------------------+----+----+-----+-----------+
    |                      Name                      | FF | LUT| Bits| Const Bits|
    +------------------------------------------------+----+----+-----+-----------+
    |ap_CS_fsm                                       |   5|   0|    5|          0|
    |grp_fir_Pipeline_Lower_Half_fu_72_ap_start_reg  |   1|   0|    1|          0|
    |grp_fir_Pipeline_Upper_Half_fu_59_ap_start_reg  |   1|   0|    1|          0|
    |x_read_reg_112                                  |  32|   0|   32|          0|
    +------------------------------------------------+----+----+-----+-----------+
    |Total                                           |  39|   0|   39|          0|
    +------------------------------------------------+----+----+-----+-----------+



================================================================
== Interface
================================================================
* Summary: 
+----------+-----+-----+------------+--------------+--------------+
| RTL Ports| Dir | Bits|  Protocol  | Source Object|    C Type    |
+----------+-----+-----+------------+--------------+--------------+
|ap_clk    |   in|    1|  ap_ctrl_hs|           fir|  return value|
|ap_rst    |   in|    1|  ap_ctrl_hs|           fir|  return value|
|ap_start  |   in|    1|  ap_ctrl_hs|           fir|  return value|
|ap_done   |  out|    1|  ap_ctrl_hs|           fir|  return value|
|ap_idle   |  out|    1|  ap_ctrl_hs|           fir|  return value|
|ap_ready  |  out|    1|  ap_ctrl_hs|           fir|  return value|
|y         |  out|   32|      ap_vld|             y|       pointer|
|y_ap_vld  |  out|    1|      ap_vld|             y|       pointer|
|x         |   in|   32|     ap_none|             x|        scalar|
+----------+-----+-----+------------+--------------+--------------+

